#-----------------------------------------------------------
# Vivado v2018.2 (64-bit)
# SW Build 2258646 on Thu Jun 14 20:03:12 MDT 2018
# IP Build 2256618 on Thu Jun 14 22:10:49 MDT 2018
# Start of session at: Fri Jul 31 13:18:20 2020
# Process ID: 5160
# Current directory: D:/gf/Study Resource/XILINX/summer_class/sea_traffic/sea_traffic
# Command line: vivado.exe -gui_launcher_event rodinguilauncherevent3184 D:\gf\Study Resource\XILINX\summer_class\sea_traffic\sea_traffic\sea_traffic.xpr
# Log file: D:/gf/Study Resource/XILINX/summer_class/sea_traffic/sea_traffic/vivado.log
# Journal file: D:/gf/Study Resource/XILINX/summer_class/sea_traffic/sea_traffic\vivado.jou
#-----------------------------------------------------------
start_gui
open_project {D:/gf/Study Resource/XILINX/summer_class/sea_traffic/sea_traffic/sea_traffic.xpr}
update_compile_order -fileset sources_1
launch_simulation
source testbench.tcl
close_sim
launch_simulation
source testbench.tcl
reset_run synth_1
launch_runs synth_1 -jobs 4
wait_on_run synth_1
launch_runs impl_1 -jobs 4
wait_on_run impl_1
reset_run synth_1
reset_run impl_1
launch_runs impl_1 -jobs 4
wait_on_run impl_1
launch_runs impl_1 -to_step write_bitstream -jobs 4
wait_on_run impl_1
open_hw
connect_hw_server
open_hw_target
set_property PROGRAM.FILE {D:/gf/Study Resource/XILINX/summer_class/sea_traffic/sea_traffic/sea_traffic.runs/impl_1/sea_traffic.bit} [get_hw_devices xc7s15_0]
current_hw_device [get_hw_devices xc7s15_0]
refresh_hw_device -update_hw_probes false [lindex [get_hw_devices xc7s15_0] 0]
set_property PROBES.FILE {} [get_hw_devices xc7s15_0]
set_property FULL_PROBES.FILE {} [get_hw_devices xc7s15_0]
set_property PROGRAM.FILE {D:/gf/Study Resource/XILINX/summer_class/sea_traffic/sea_traffic/sea_traffic.runs/impl_1/sea_traffic.bit} [get_hw_devices xc7s15_0]
program_hw_devices [get_hw_devices xc7s15_0]
refresh_hw_device [lindex [get_hw_devices xc7s15_0] 0]
reset_run synth_1
launch_runs synth_1 -jobs 4
wait_on_run synth_1
reset_run synth_1
launch_runs synth_1 -jobs 4
wait_on_run synth_1
launch_runs impl_1 -jobs 4
wait_on_run impl_1
launch_runs impl_1 -to_step write_bitstream -jobs 4
wait_on_run impl_1
set_property PROBES.FILE {} [get_hw_devices xc7s15_0]
set_property FULL_PROBES.FILE {} [get_hw_devices xc7s15_0]
set_property PROGRAM.FILE {D:/gf/Study Resource/XILINX/summer_class/sea_traffic/sea_traffic/sea_traffic.runs/impl_1/sea_traffic.bit} [get_hw_devices xc7s15_0]
program_hw_devices [get_hw_devices xc7s15_0]
refresh_hw_device [lindex [get_hw_devices xc7s15_0] 0]
reset_run synth_1
launch_runs synth_1 -jobs 4
wait_on_run synth_1
refresh_hw_device [lindex [get_hw_devices xc7s15_0] 0]
launch_runs impl_1 -jobs 4
wait_on_run impl_1
launch_runs impl_1 -to_step write_bitstream -jobs 4
wait_on_run impl_1
set_property PROBES.FILE {} [get_hw_devices xc7s15_0]
set_property FULL_PROBES.FILE {} [get_hw_devices xc7s15_0]
set_property PROGRAM.FILE {D:/gf/Study Resource/XILINX/summer_class/sea_traffic/sea_traffic/sea_traffic.runs/impl_1/sea_traffic.bit} [get_hw_devices xc7s15_0]
program_hw_devices [get_hw_devices xc7s15_0]
refresh_hw_device [lindex [get_hw_devices xc7s15_0] 0]
reset_run synth_1
launch_runs synth_1 -jobs 4
wait_on_run synth_1
launch_runs impl_1 -jobs 4
wait_on_run impl_1
launch_runs impl_1 -to_step write_bitstream -jobs 4
wait_on_run impl_1
set_property PROBES.FILE {} [get_hw_devices xc7s15_0]
set_property FULL_PROBES.FILE {} [get_hw_devices xc7s15_0]
set_property PROGRAM.FILE {D:/gf/Study Resource/XILINX/summer_class/sea_traffic/sea_traffic/sea_traffic.runs/impl_1/sea_traffic.bit} [get_hw_devices xc7s15_0]
program_hw_devices [get_hw_devices xc7s15_0]
refresh_hw_device [lindex [get_hw_devices xc7s15_0] 0]
reset_run synth_1
launch_runs impl_1 -to_step write_bitstream -jobs 4
wait_on_run impl_1
refresh_hw_device [lindex [get_hw_devices xc7s15_0] 0]
open_run impl_1
set_property PROBES.FILE {} [get_hw_devices xc7s15_0]
set_property FULL_PROBES.FILE {} [get_hw_devices xc7s15_0]
set_property PROGRAM.FILE {D:/gf/Study Resource/XILINX/summer_class/sea_traffic/sea_traffic/sea_traffic.runs/impl_1/sea_traffic.bit} [get_hw_devices xc7s15_0]
program_hw_devices [get_hw_devices xc7s15_0]
refresh_hw_device [lindex [get_hw_devices xc7s15_0] 0]
reset_run impl_1 -prev_step 
launch_runs impl_1 -to_step write_bitstream -jobs 4
wait_on_run impl_1
reset_run impl_1 -prev_step 
reset_run impl_1 -prev_step 
reset_run synth_1
launch_runs synth_1 -jobs 4
wait_on_run synth_1
launch_runs impl_1 -jobs 4
wait_on_run impl_1
launch_runs impl_1 -to_step write_bitstream -jobs 4
wait_on_run impl_1
set_property PROBES.FILE {} [get_hw_devices xc7s15_0]
set_property FULL_PROBES.FILE {} [get_hw_devices xc7s15_0]
set_property PROGRAM.FILE {D:/gf/Study Resource/XILINX/summer_class/sea_traffic/sea_traffic/sea_traffic.runs/impl_1/sea_traffic.bit} [get_hw_devices xc7s15_0]
program_hw_devices [get_hw_devices xc7s15_0]
refresh_hw_device [lindex [get_hw_devices xc7s15_0] 0]
close_sim
